Usage: ./monte-carlo <sides per die> <dice count> <roll count>
